// Jest Snapshot v1, https://goo.gl/fbAQLP

exports[`VLType test Output should be same as expected 1`] = `
"
class Mark {
    constructor(private type: "bar" | "area" | "line") {}
    
  }
  
export function mark(type: "bar" | "area" | "line"){
    return new Mark(type);
  }

class X {
    constructor(private field: string, private type: "quantitative" | "ordinal") {}
    
  }
  
export function x(field: string, type: "quantitative" | "ordinal"){
    return new X(field, type);
  }

class Y {
    constructor(private field: string, private type: "quantitative" | "ordinal") {}
    
  }
  
export function y(field: string, type: "quantitative" | "ordinal"){
    return new Y(field, type);
  }

class Color {
    constructor(private field: string, private type: "quantitative" | "ordinal") {}
    
  }
  
export function color(field: string, type: "quantitative" | "ordinal"){
    return new Color(field, type);
  }

class Encoding {
    constructor(private x?: X, private y?: Y, private color?: Color) {}
    
  }
  
export function encode(x?: X, y?: Y, color?: Color){
    return new Encoding(x, y, color);
  }

class Spec {
    constructor(private mark: Mark, private encode: Encoding) {}
    
  }
  
export function spec(mark: Mark, encode: Encoding){
    return new Spec(mark, encode);
  }

export function toSpec(obj: any){
      return JSON.stringify(obj);
    }"
`;
